\BOOKMARK [1][-]{section.1}{Introduction}{}% 1
\BOOKMARK [1][-]{section.2}{Installation}{}% 2
\BOOKMARK [2][-]{subsection.2.1}{Syst\351me d'exploitation}{section.2}% 3
\BOOKMARK [2][-]{subsection.2.2}{Connexion \340 Internet}{section.2}% 4
\BOOKMARK [2][-]{subsection.2.3}{Installation des paquets de base}{section.2}% 5
\BOOKMARK [2][-]{subsection.2.4}{Installation de Node JS}{section.2}% 6
\BOOKMARK [2][-]{subsection.2.5}{Installation de \351lectron}{section.2}% 7
\BOOKMARK [1][-]{section.3}{Conclusion}{}% 8
