\BOOKMARK [1][-]{section.1}{Introduction}{}% 1
\BOOKMARK [1][-]{section.2}{R\351sultats attendus}{}% 2
\BOOKMARK [1][-]{section.3}{Proc\351dure de test}{}% 3
\BOOKMARK [1][-]{section.4}{R\351sultats obtenus}{}% 4
\BOOKMARK [1][-]{section.5}{Conclusion}{}% 5
