\BOOKMARK [1][-]{section.1}{Introduction}{}% 1
\BOOKMARK [1][-]{section.2}{Proc\351dure de test}{}% 2
\BOOKMARK [1][-]{section.3}{R\351sultat obtenue}{}% 3
\BOOKMARK [1][-]{section.4}{Conclusion}{}% 4
