\BOOKMARK [1][-]{section.1}{Introduction}{}% 1
\BOOKMARK [1][-]{section.2}{Organisation visuelle}{}% 2
\BOOKMARK [1][-]{section.3}{M\351thode de tests}{}% 3
\BOOKMARK [1][-]{section.4}{Interpr\351tation des r\351sultats obtenus}{}% 4
\BOOKMARK [2][-]{subsection.4.1}{Succ\350s}{section.4}% 5
\BOOKMARK [2][-]{subsection.4.2}{Erreurs}{section.4}% 6
\BOOKMARK [1][-]{section.5}{Conclusion}{}% 7
