\BOOKMARK [1][-]{section.1}{Introduction}{}% 1
\BOOKMARK [1][-]{section.2}{Mise en place}{}% 2
\BOOKMARK [1][-]{section.3}{R\351sultats obtenus}{}% 3
\BOOKMARK [1][-]{section.4}{Conclusion}{}% 4
